running develop
Removing /home/seeya/ros2_ws/install/gesture_control/lib/python3.10/site-packages/gesture-control.egg-link (link to .)
running egg_info
writing ../../build/gesture_control/gesture_control.egg-info/PKG-INFO
writing dependency_links to ../../build/gesture_control/gesture_control.egg-info/dependency_links.txt
writing entry points to ../../build/gesture_control/gesture_control.egg-info/entry_points.txt
writing requirements to ../../build/gesture_control/gesture_control.egg-info/requires.txt
writing top-level names to ../../build/gesture_control/gesture_control.egg-info/top_level.txt
reading manifest file '../../build/gesture_control/gesture_control.egg-info/SOURCES.txt'
writing manifest file '../../build/gesture_control/gesture_control.egg-info/SOURCES.txt'
running build
running build_py
creating /home/seeya/ros2_ws/build/gesture_control/build
creating /home/seeya/ros2_ws/build/gesture_control/build/lib
creating /home/seeya/ros2_ws/build/gesture_control/build/lib/gesture_control
copying gesture_control/detect_gesture.py -> /home/seeya/ros2_ws/build/gesture_control/build/lib/gesture_control
copying gesture_control/__init__.py -> /home/seeya/ros2_ws/build/gesture_control/build/lib/gesture_control
running install
running install_lib
creating /home/seeya/ros2_ws/install/gesture_control/lib/python3.10/site-packages/gesture_control
copying /home/seeya/ros2_ws/build/gesture_control/build/lib/gesture_control/detect_gesture.py -> /home/seeya/ros2_ws/install/gesture_control/lib/python3.10/site-packages/gesture_control
copying /home/seeya/ros2_ws/build/gesture_control/build/lib/gesture_control/__init__.py -> /home/seeya/ros2_ws/install/gesture_control/lib/python3.10/site-packages/gesture_control
byte-compiling /home/seeya/ros2_ws/install/gesture_control/lib/python3.10/site-packages/gesture_control/detect_gesture.py to detect_gesture.cpython-310.pyc
byte-compiling /home/seeya/ros2_ws/install/gesture_control/lib/python3.10/site-packages/gesture_control/__init__.py to __init__.cpython-310.pyc
running install_data
copying resource/gesture_control -> /home/seeya/ros2_ws/install/gesture_control/share/ament_index/resource_index/packages
copying package.xml -> /home/seeya/ros2_ws/install/gesture_control/share/gesture_control
copying gesture_control/gesture_model.pkl -> /home/seeya/ros2_ws/install/gesture_control/share/gesture_control
running install_egg_info
Copying ../../build/gesture_control/gesture_control.egg-info to /home/seeya/ros2_ws/install/gesture_control/lib/python3.10/site-packages/gesture_control-0.0.0-py3.10.egg-info
running install_scripts
Installing gesture_node script to /home/seeya/ros2_ws/install/gesture_control/lib/gesture_control
writing list of installed files to '/home/seeya/ros2_ws/build/gesture_control/install.log'
