[0.411s] Invoking command in '/home/seeya/ros2_ws/build/gesture_control': PS1=\[\e]0;\u@\h: \w\a\]${debian_chroot:+($debian_chroot)}\[\033[01;32m\]\u@\h\[\033[00m\]:\[\033[01;34m\]\w\[\033[00m\]\$ PYTHONPATH=/home/seeya/ros2_ws/build/gesture_control/prefix_override:/usr/lib/python3/dist-packages/colcon_core/task/python/colcon_distutils_commands:/home/seeya/ros2_ws/install/gesture_control/lib/python3.10/site-packages:${PYTHONPATH} /usr/bin/python3 -W ignore:setup.py install is deprecated -W ignore:easy_install command is deprecated setup.py develop --uninstall --editable --build-directory /home/seeya/ros2_ws/build/gesture_control/build
[0.567s] running develop
[0.658s] Removing /home/seeya/ros2_ws/install/gesture_control/lib/python3.10/site-packages/gesture-control.egg-link (link to .)
[0.676s] Invoked command in '/home/seeya/ros2_ws/build/gesture_control' returned '0': PS1=\[\e]0;\u@\h: \w\a\]${debian_chroot:+($debian_chroot)}\[\033[01;32m\]\u@\h\[\033[00m\]:\[\033[01;34m\]\w\[\033[00m\]\$ PYTHONPATH=/home/seeya/ros2_ws/build/gesture_control/prefix_override:/usr/lib/python3/dist-packages/colcon_core/task/python/colcon_distutils_commands:/home/seeya/ros2_ws/install/gesture_control/lib/python3.10/site-packages:${PYTHONPATH} /usr/bin/python3 -W ignore:setup.py install is deprecated -W ignore:easy_install command is deprecated setup.py develop --uninstall --editable --build-directory /home/seeya/ros2_ws/build/gesture_control/build
[0.677s] Invoking command in '/home/seeya/ros2_ws/src/gesture_control': PS1=\[\e]0;\u@\h: \w\a\]${debian_chroot:+($debian_chroot)}\[\033[01;32m\]\u@\h\[\033[00m\]:\[\033[01;34m\]\w\[\033[00m\]\$ PYTHONPATH=/home/seeya/ros2_ws/build/gesture_control/prefix_override:/usr/lib/python3/dist-packages/colcon_core/task/python/colcon_distutils_commands:/home/seeya/ros2_ws/install/gesture_control/lib/python3.10/site-packages:${PYTHONPATH} /usr/bin/python3 -W ignore:setup.py install is deprecated -W ignore:easy_install command is deprecated setup.py egg_info --egg-base ../../build/gesture_control build --build-base /home/seeya/ros2_ws/build/gesture_control/build install --record /home/seeya/ros2_ws/build/gesture_control/install.log --single-version-externally-managed install_data --force
[0.826s] running egg_info
[0.826s] writing ../../build/gesture_control/gesture_control.egg-info/PKG-INFO
[0.826s] writing dependency_links to ../../build/gesture_control/gesture_control.egg-info/dependency_links.txt
[0.826s] writing entry points to ../../build/gesture_control/gesture_control.egg-info/entry_points.txt
[0.826s] writing requirements to ../../build/gesture_control/gesture_control.egg-info/requires.txt
[0.826s] writing top-level names to ../../build/gesture_control/gesture_control.egg-info/top_level.txt
[0.827s] reading manifest file '../../build/gesture_control/gesture_control.egg-info/SOURCES.txt'
[0.828s] writing manifest file '../../build/gesture_control/gesture_control.egg-info/SOURCES.txt'
[0.828s] running build
[0.828s] running build_py
[0.828s] creating /home/seeya/ros2_ws/build/gesture_control/build
[0.828s] creating /home/seeya/ros2_ws/build/gesture_control/build/lib
[0.828s] creating /home/seeya/ros2_ws/build/gesture_control/build/lib/gesture_control
[0.828s] copying gesture_control/detect_gesture.py -> /home/seeya/ros2_ws/build/gesture_control/build/lib/gesture_control
[0.828s] copying gesture_control/__init__.py -> /home/seeya/ros2_ws/build/gesture_control/build/lib/gesture_control
[0.828s] running install
[0.828s] running install_lib
[0.829s] creating /home/seeya/ros2_ws/install/gesture_control/lib/python3.10/site-packages/gesture_control
[0.829s] copying /home/seeya/ros2_ws/build/gesture_control/build/lib/gesture_control/detect_gesture.py -> /home/seeya/ros2_ws/install/gesture_control/lib/python3.10/site-packages/gesture_control
[0.829s] copying /home/seeya/ros2_ws/build/gesture_control/build/lib/gesture_control/__init__.py -> /home/seeya/ros2_ws/install/gesture_control/lib/python3.10/site-packages/gesture_control
[0.830s] byte-compiling /home/seeya/ros2_ws/install/gesture_control/lib/python3.10/site-packages/gesture_control/detect_gesture.py to detect_gesture.cpython-310.pyc
[0.830s] byte-compiling /home/seeya/ros2_ws/install/gesture_control/lib/python3.10/site-packages/gesture_control/__init__.py to __init__.cpython-310.pyc
[0.830s] running install_data
[0.830s] copying resource/gesture_control -> /home/seeya/ros2_ws/install/gesture_control/share/ament_index/resource_index/packages
[0.830s] copying package.xml -> /home/seeya/ros2_ws/install/gesture_control/share/gesture_control
[0.830s] copying gesture_control/gesture_model.pkl -> /home/seeya/ros2_ws/install/gesture_control/share/gesture_control
[0.833s] running install_egg_info
[0.834s] Copying ../../build/gesture_control/gesture_control.egg-info to /home/seeya/ros2_ws/install/gesture_control/lib/python3.10/site-packages/gesture_control-0.0.0-py3.10.egg-info
[0.834s] running install_scripts
[0.847s] Installing gesture_node script to /home/seeya/ros2_ws/install/gesture_control/lib/gesture_control
[0.848s] writing list of installed files to '/home/seeya/ros2_ws/build/gesture_control/install.log'
[0.864s] Invoked command in '/home/seeya/ros2_ws/src/gesture_control' returned '0': PS1=\[\e]0;\u@\h: \w\a\]${debian_chroot:+($debian_chroot)}\[\033[01;32m\]\u@\h\[\033[00m\]:\[\033[01;34m\]\w\[\033[00m\]\$ PYTHONPATH=/home/seeya/ros2_ws/build/gesture_control/prefix_override:/usr/lib/python3/dist-packages/colcon_core/task/python/colcon_distutils_commands:/home/seeya/ros2_ws/install/gesture_control/lib/python3.10/site-packages:${PYTHONPATH} /usr/bin/python3 -W ignore:setup.py install is deprecated -W ignore:easy_install command is deprecated setup.py egg_info --egg-base ../../build/gesture_control build --build-base /home/seeya/ros2_ws/build/gesture_control/build install --record /home/seeya/ros2_ws/build/gesture_control/install.log --single-version-externally-managed install_data --force
