running develop
running egg_info
creating gesture_control.egg-info
writing gesture_control.egg-info/PKG-INFO
writing dependency_links to gesture_control.egg-info/dependency_links.txt
writing entry points to gesture_control.egg-info/entry_points.txt
writing requirements to gesture_control.egg-info/requires.txt
writing top-level names to gesture_control.egg-info/top_level.txt
writing manifest file 'gesture_control.egg-info/SOURCES.txt'
reading manifest file 'gesture_control.egg-info/SOURCES.txt'
writing manifest file 'gesture_control.egg-info/SOURCES.txt'
running build_ext
Creating /home/seeya/ros2_ws/install/gesture_control/lib/python3.10/site-packages/gesture-control.egg-link (link to .)
Installing gesture_node script to /home/seeya/ros2_ws/install/gesture_control/lib/gesture_control

Installed /home/seeya/ros2_ws/build/gesture_control
running symlink_data
creating /home/seeya/ros2_ws/install/gesture_control/share/ament_index
creating /home/seeya/ros2_ws/install/gesture_control/share/ament_index/resource_index
creating /home/seeya/ros2_ws/install/gesture_control/share/ament_index/resource_index/packages
symbolically linking /home/seeya/ros2_ws/build/gesture_control/resource/gesture_control -> /home/seeya/ros2_ws/install/gesture_control/share/ament_index/resource_index/packages
symbolically linking /home/seeya/ros2_ws/build/gesture_control/package.xml -> /home/seeya/ros2_ws/install/gesture_control/share/gesture_control
symbolically linking /home/seeya/ros2_ws/build/gesture_control/gesture_control/gesture_model.pkl -> /home/seeya/ros2_ws/install/gesture_control/share/gesture_control
