[0.066s] DEBUG:colcon:Command line arguments: ['/usr/bin/colcon', 'build', '--symlink-install']
[0.066s] DEBUG:colcon:Parsed command line arguments: Namespace(log_base=None, log_level=None, verb_name='build', build_base='build', install_base='install', merge_install=False, symlink_install=True, test_result_base=None, continue_on_error=False, executor='parallel', parallel_workers=12, event_handlers=None, ignore_user_meta=False, metas=['./colcon.meta'], base_paths=['.'], packages_ignore=None, packages_ignore_regex=None, paths=None, packages_up_to=None, packages_up_to_regex=None, packages_above=None, packages_above_and_dependencies=None, packages_above_depth=None, packages_select_by_dep=None, packages_skip_by_dep=None, packages_skip_up_to=None, packages_select_build_failed=False, packages_skip_build_finished=False, packages_select_test_failures=False, packages_skip_test_passed=False, packages_select=None, packages_skip=None, packages_select_regex=None, packages_skip_regex=None, packages_start=None, packages_end=None, allow_overriding=[], cmake_args=None, cmake_target=None, cmake_target_skip_unavailable=False, cmake_clean_cache=False, cmake_clean_first=False, cmake_force_configure=False, ament_cmake_args=None, catkin_cmake_args=None, catkin_skip_building_tests=False, mixin_files=None, mixin=None, verb_parser=<colcon_mixin.mixin.mixin_argument.MixinArgumentDecorator object at 0x7b37fa85a530>, verb_extension=<colcon_core.verb.build.BuildVerb object at 0x7b37fa96f970>, main=<bound method BuildVerb.main of <colcon_core.verb.build.BuildVerb object at 0x7b37fa96f970>>, mixin_verb=('build',))
[0.162s] Level 1:colcon.colcon_core.package_discovery:discover_packages(colcon_meta) check parameters
[0.162s] Level 1:colcon.colcon_core.package_discovery:discover_packages(recursive) check parameters
[0.162s] Level 1:colcon.colcon_core.package_discovery:discover_packages(ignore) check parameters
[0.162s] Level 1:colcon.colcon_core.package_discovery:discover_packages(path) check parameters
[0.162s] Level 1:colcon.colcon_core.package_discovery:discover_packages(colcon_meta) discover
[0.162s] Level 1:colcon.colcon_core.package_discovery:discover_packages(recursive) discover
[0.162s] INFO:colcon.colcon_core.package_discovery:Crawling recursively for packages in '/home/seeya/ros2_ws'
[0.162s] Level 1:colcon.colcon_core.package_identification:_identify(.) by extensions ['ignore', 'ignore_ament_install']
[0.162s] Level 1:colcon.colcon_core.package_identification:_identify(.) by extension 'ignore'
[0.162s] Level 1:colcon.colcon_core.package_identification:_identify(.) by extension 'ignore_ament_install'
[0.162s] Level 1:colcon.colcon_core.package_identification:_identify(.) by extensions ['colcon_pkg']
[0.162s] Level 1:colcon.colcon_core.package_identification:_identify(.) by extension 'colcon_pkg'
[0.162s] Level 1:colcon.colcon_core.package_identification:_identify(.) by extensions ['colcon_meta']
[0.162s] Level 1:colcon.colcon_core.package_identification:_identify(.) by extension 'colcon_meta'
[0.162s] Level 1:colcon.colcon_core.package_identification:_identify(.) by extensions ['ros']
[0.162s] Level 1:colcon.colcon_core.package_identification:_identify(.) by extension 'ros'
[0.169s] Level 1:colcon.colcon_core.package_identification:_identify(.) by extensions ['cmake', 'python']
[0.169s] Level 1:colcon.colcon_core.package_identification:_identify(.) by extension 'cmake'
[0.169s] Level 1:colcon.colcon_core.package_identification:_identify(.) by extension 'python'
[0.169s] Level 1:colcon.colcon_core.package_identification:_identify(.) by extensions ['python_setup_py']
[0.169s] Level 1:colcon.colcon_core.package_identification:_identify(.) by extension 'python_setup_py'
[0.169s] Level 1:colcon.colcon_core.package_identification:_identify(build) by extensions ['ignore', 'ignore_ament_install']
[0.169s] Level 1:colcon.colcon_core.package_identification:_identify(build) by extension 'ignore'
[0.169s] Level 1:colcon.colcon_core.package_identification:_identify(build) ignored
[0.169s] Level 1:colcon.colcon_core.package_identification:_identify(install) by extensions ['ignore', 'ignore_ament_install']
[0.169s] Level 1:colcon.colcon_core.package_identification:_identify(install) by extension 'ignore'
[0.170s] Level 1:colcon.colcon_core.package_identification:_identify(install) ignored
[0.170s] Level 1:colcon.colcon_core.package_identification:_identify(log) by extensions ['ignore', 'ignore_ament_install']
[0.170s] Level 1:colcon.colcon_core.package_identification:_identify(log) by extension 'ignore'
[0.170s] Level 1:colcon.colcon_core.package_identification:_identify(log) ignored
[0.170s] Level 1:colcon.colcon_core.package_identification:_identify(opencv_projects1) by extensions ['ignore', 'ignore_ament_install']
[0.170s] Level 1:colcon.colcon_core.package_identification:_identify(opencv_projects1) by extension 'ignore'
[0.170s] Level 1:colcon.colcon_core.package_identification:_identify(opencv_projects1) by extension 'ignore_ament_install'
[0.170s] Level 1:colcon.colcon_core.package_identification:_identify(opencv_projects1) by extensions ['colcon_pkg']
[0.170s] Level 1:colcon.colcon_core.package_identification:_identify(opencv_projects1) by extension 'colcon_pkg'
[0.170s] Level 1:colcon.colcon_core.package_identification:_identify(opencv_projects1) by extensions ['colcon_meta']
[0.170s] Level 1:colcon.colcon_core.package_identification:_identify(opencv_projects1) by extension 'colcon_meta'
[0.170s] Level 1:colcon.colcon_core.package_identification:_identify(opencv_projects1) by extensions ['ros']
[0.170s] Level 1:colcon.colcon_core.package_identification:_identify(opencv_projects1) by extension 'ros'
[0.170s] Level 1:colcon.colcon_core.package_identification:_identify(opencv_projects1) by extensions ['cmake', 'python']
[0.170s] Level 1:colcon.colcon_core.package_identification:_identify(opencv_projects1) by extension 'cmake'
[0.170s] Level 1:colcon.colcon_core.package_identification:_identify(opencv_projects1) by extension 'python'
[0.170s] Level 1:colcon.colcon_core.package_identification:_identify(opencv_projects1) by extensions ['python_setup_py']
[0.170s] Level 1:colcon.colcon_core.package_identification:_identify(opencv_projects1) by extension 'python_setup_py'
[0.170s] Level 1:colcon.colcon_core.package_identification:_identify(opencv_projects1/mp_scripts) by extensions ['ignore', 'ignore_ament_install']
[0.170s] Level 1:colcon.colcon_core.package_identification:_identify(opencv_projects1/mp_scripts) by extension 'ignore'
[0.170s] Level 1:colcon.colcon_core.package_identification:_identify(opencv_projects1/mp_scripts) by extension 'ignore_ament_install'
[0.170s] Level 1:colcon.colcon_core.package_identification:_identify(opencv_projects1/mp_scripts) by extensions ['colcon_pkg']
[0.170s] Level 1:colcon.colcon_core.package_identification:_identify(opencv_projects1/mp_scripts) by extension 'colcon_pkg'
[0.170s] Level 1:colcon.colcon_core.package_identification:_identify(opencv_projects1/mp_scripts) by extensions ['colcon_meta']
[0.170s] Level 1:colcon.colcon_core.package_identification:_identify(opencv_projects1/mp_scripts) by extension 'colcon_meta'
[0.170s] Level 1:colcon.colcon_core.package_identification:_identify(opencv_projects1/mp_scripts) by extensions ['ros']
[0.170s] Level 1:colcon.colcon_core.package_identification:_identify(opencv_projects1/mp_scripts) by extension 'ros'
[0.170s] Level 1:colcon.colcon_core.package_identification:_identify(opencv_projects1/mp_scripts) by extensions ['cmake', 'python']
[0.170s] Level 1:colcon.colcon_core.package_identification:_identify(opencv_projects1/mp_scripts) by extension 'cmake'
[0.170s] Level 1:colcon.colcon_core.package_identification:_identify(opencv_projects1/mp_scripts) by extension 'python'
[0.170s] Level 1:colcon.colcon_core.package_identification:_identify(opencv_projects1/mp_scripts) by extensions ['python_setup_py']
[0.170s] Level 1:colcon.colcon_core.package_identification:_identify(opencv_projects1/mp_scripts) by extension 'python_setup_py'
[0.170s] Level 1:colcon.colcon_core.package_identification:_identify(src) by extensions ['ignore', 'ignore_ament_install']
[0.170s] Level 1:colcon.colcon_core.package_identification:_identify(src) by extension 'ignore'
[0.170s] Level 1:colcon.colcon_core.package_identification:_identify(src) by extension 'ignore_ament_install'
[0.170s] Level 1:colcon.colcon_core.package_identification:_identify(src) by extensions ['colcon_pkg']
[0.170s] Level 1:colcon.colcon_core.package_identification:_identify(src) by extension 'colcon_pkg'
[0.171s] Level 1:colcon.colcon_core.package_identification:_identify(src) by extensions ['colcon_meta']
[0.171s] Level 1:colcon.colcon_core.package_identification:_identify(src) by extension 'colcon_meta'
[0.171s] Level 1:colcon.colcon_core.package_identification:_identify(src) by extensions ['ros']
[0.171s] Level 1:colcon.colcon_core.package_identification:_identify(src) by extension 'ros'
[0.171s] Level 1:colcon.colcon_core.package_identification:_identify(src) by extensions ['cmake', 'python']
[0.171s] Level 1:colcon.colcon_core.package_identification:_identify(src) by extension 'cmake'
[0.171s] Level 1:colcon.colcon_core.package_identification:_identify(src) by extension 'python'
[0.171s] Level 1:colcon.colcon_core.package_identification:_identify(src) by extensions ['python_setup_py']
[0.171s] Level 1:colcon.colcon_core.package_identification:_identify(src) by extension 'python_setup_py'
[0.171s] Level 1:colcon.colcon_core.package_identification:_identify(src/gesture_control) by extensions ['ignore', 'ignore_ament_install']
[0.171s] Level 1:colcon.colcon_core.package_identification:_identify(src/gesture_control) by extension 'ignore'
[0.171s] Level 1:colcon.colcon_core.package_identification:_identify(src/gesture_control) by extension 'ignore_ament_install'
[0.171s] Level 1:colcon.colcon_core.package_identification:_identify(src/gesture_control) by extensions ['colcon_pkg']
[0.171s] Level 1:colcon.colcon_core.package_identification:_identify(src/gesture_control) by extension 'colcon_pkg'
[0.171s] Level 1:colcon.colcon_core.package_identification:_identify(src/gesture_control) by extensions ['colcon_meta']
[0.171s] Level 1:colcon.colcon_core.package_identification:_identify(src/gesture_control) by extension 'colcon_meta'
[0.171s] Level 1:colcon.colcon_core.package_identification:_identify(src/gesture_control) by extensions ['ros']
[0.171s] Level 1:colcon.colcon_core.package_identification:_identify(src/gesture_control) by extension 'ros'
[0.172s] DEBUG:colcon.colcon_core.package_identification:Package 'src/gesture_control' with type 'ros.ament_python' and name 'gesture_control'
[0.172s] Level 1:colcon.colcon_core.package_discovery:discover_packages(recursive) using defaults
[0.173s] Level 1:colcon.colcon_core.package_discovery:discover_packages(ignore) discover
[0.173s] Level 1:colcon.colcon_core.package_discovery:discover_packages(ignore) using defaults
[0.173s] Level 1:colcon.colcon_core.package_discovery:discover_packages(path) discover
[0.173s] Level 1:colcon.colcon_core.package_discovery:discover_packages(path) using defaults
[0.192s] Level 1:colcon.colcon_core.package_discovery:discover_packages(prefix_path) check parameters
[0.192s] Level 1:colcon.colcon_core.package_discovery:discover_packages(prefix_path) discover
[0.193s] WARNING:colcon.colcon_ros.prefix_path.ament:The path '/home/seeya/ros2_ws/install/gesture_control' in the environment variable AMENT_PREFIX_PATH doesn't exist
[0.193s] DEBUG:colcon.colcon_installed_package_information.package_discovery:Found 0 installed packages in /home/seeya/ros2_ws/install
[0.193s] DEBUG:colcon.colcon_installed_package_information.package_discovery:Found 1 installed packages in /home/seeya/canis_ws/install
[0.194s] DEBUG:colcon.colcon_installed_package_information.package_discovery:Found 330 installed packages in /opt/ros/humble
[0.195s] Level 1:colcon.colcon_core.package_discovery:discover_packages(prefix_path) using defaults
[0.218s] Level 5:colcon.colcon_core.verb:set package 'gesture_control' build argument 'cmake_args' from command line to 'None'
[0.218s] Level 5:colcon.colcon_core.verb:set package 'gesture_control' build argument 'cmake_target' from command line to 'None'
[0.218s] Level 5:colcon.colcon_core.verb:set package 'gesture_control' build argument 'cmake_target_skip_unavailable' from command line to 'False'
[0.218s] Level 5:colcon.colcon_core.verb:set package 'gesture_control' build argument 'cmake_clean_cache' from command line to 'False'
[0.218s] Level 5:colcon.colcon_core.verb:set package 'gesture_control' build argument 'cmake_clean_first' from command line to 'False'
[0.218s] Level 5:colcon.colcon_core.verb:set package 'gesture_control' build argument 'cmake_force_configure' from command line to 'False'
[0.218s] Level 5:colcon.colcon_core.verb:set package 'gesture_control' build argument 'ament_cmake_args' from command line to 'None'
[0.218s] Level 5:colcon.colcon_core.verb:set package 'gesture_control' build argument 'catkin_cmake_args' from command line to 'None'
[0.219s] Level 5:colcon.colcon_core.verb:set package 'gesture_control' build argument 'catkin_skip_building_tests' from command line to 'False'
[0.219s] DEBUG:colcon.colcon_core.verb:Building package 'gesture_control' with the following arguments: {'ament_cmake_args': None, 'build_base': '/home/seeya/ros2_ws/build/gesture_control', 'catkin_cmake_args': None, 'catkin_skip_building_tests': False, 'cmake_args': None, 'cmake_clean_cache': False, 'cmake_clean_first': False, 'cmake_force_configure': False, 'cmake_target': None, 'cmake_target_skip_unavailable': False, 'install_base': '/home/seeya/ros2_ws/install/gesture_control', 'merge_install': False, 'path': '/home/seeya/ros2_ws/src/gesture_control', 'symlink_install': True, 'test_result_base': None}
[0.219s] INFO:colcon.colcon_core.executor:Executing jobs using 'parallel' executor
[0.219s] DEBUG:colcon.colcon_parallel_executor.executor.parallel:run_until_complete
[0.220s] INFO:colcon.colcon_ros.task.ament_python.build:Building ROS package in '/home/seeya/ros2_ws/src/gesture_control' with build type 'ament_python'
[0.220s] Level 1:colcon.colcon_core.shell:create_environment_hook('gesture_control', 'ament_prefix_path')
[0.221s] INFO:colcon.colcon_core.plugin_system:Skipping extension 'colcon_core.shell.bat': Not used on non-Windows systems
[0.221s] INFO:colcon.colcon_core.shell:Creating environment hook '/home/seeya/ros2_ws/install/gesture_control/share/gesture_control/hook/ament_prefix_path.ps1'
[0.222s] INFO:colcon.colcon_core.shell:Creating environment descriptor '/home/seeya/ros2_ws/install/gesture_control/share/gesture_control/hook/ament_prefix_path.dsv'
[0.222s] INFO:colcon.colcon_core.shell:Creating environment hook '/home/seeya/ros2_ws/install/gesture_control/share/gesture_control/hook/ament_prefix_path.sh'
[0.222s] INFO:colcon.colcon_core.shell:Skip shell extension 'powershell' for command environment: Not usable outside of PowerShell
[0.222s] DEBUG:colcon.colcon_core.shell:Skip shell extension 'dsv' for command environment
[0.380s] INFO:colcon.colcon_core.task.python.build:Building Python package in '/home/seeya/ros2_ws/src/gesture_control'
[0.381s] INFO:colcon.colcon_core.shell:Skip shell extension 'powershell' for command environment: Not usable outside of PowerShell
[0.381s] DEBUG:colcon.colcon_core.shell:Skip shell extension 'dsv' for command environment
[0.609s] DEBUG:colcon.colcon_core.event_handler.log_command:Invoking command in '/home/seeya/ros2_ws/build/gesture_control': PS1=\[\e]0;\u@\h: \w\a\]${debian_chroot:+($debian_chroot)}\[\033[01;32m\]\u@\h\[\033[00m\]:\[\033[01;34m\]\w\[\033[00m\]\$ PYTHONPATH=/home/seeya/ros2_ws/build/gesture_control/prefix_override:/usr/lib/python3/dist-packages/colcon_core/task/python/colcon_distutils_commands:/home/seeya/ros2_ws/install/gesture_control/lib/python3.10/site-packages:${PYTHONPATH} /usr/bin/python3 -W ignore:setup.py install is deprecated -W ignore:easy_install command is deprecated setup.py develop --editable --build-directory /home/seeya/ros2_ws/build/gesture_control/build --no-deps symlink_data
[0.889s] Level 1:colcon.colcon_core.shell:create_environment_hook('gesture_control', 'pythonpath_develop')
[0.889s] INFO:colcon.colcon_core.shell:Creating environment hook '/home/seeya/ros2_ws/build/gesture_control/share/gesture_control/hook/pythonpath_develop.ps1'
[0.889s] DEBUG:colcon.colcon_core.event_handler.log_command:Invoked command in '/home/seeya/ros2_ws/build/gesture_control' returned '0': PS1=\[\e]0;\u@\h: \w\a\]${debian_chroot:+($debian_chroot)}\[\033[01;32m\]\u@\h\[\033[00m\]:\[\033[01;34m\]\w\[\033[00m\]\$ PYTHONPATH=/home/seeya/ros2_ws/build/gesture_control/prefix_override:/usr/lib/python3/dist-packages/colcon_core/task/python/colcon_distutils_commands:/home/seeya/ros2_ws/install/gesture_control/lib/python3.10/site-packages:${PYTHONPATH} /usr/bin/python3 -W ignore:setup.py install is deprecated -W ignore:easy_install command is deprecated setup.py develop --editable --build-directory /home/seeya/ros2_ws/build/gesture_control/build --no-deps symlink_data
[0.890s] INFO:colcon.colcon_core.shell:Creating environment descriptor '/home/seeya/ros2_ws/build/gesture_control/share/gesture_control/hook/pythonpath_develop.dsv'
[0.890s] INFO:colcon.colcon_core.shell:Creating environment hook '/home/seeya/ros2_ws/build/gesture_control/share/gesture_control/hook/pythonpath_develop.sh'
[0.892s] Level 1:colcon.colcon_core.environment:checking '/home/seeya/ros2_ws/install/gesture_control' for CMake module files
[0.892s] Level 1:colcon.colcon_core.environment:checking '/home/seeya/ros2_ws/install/gesture_control' for CMake config files
[0.892s] Level 1:colcon.colcon_core.environment:checking '/home/seeya/ros2_ws/install/gesture_control/lib'
[0.892s] Level 1:colcon.colcon_core.environment:checking '/home/seeya/ros2_ws/install/gesture_control/bin'
[0.892s] Level 1:colcon.colcon_core.environment:checking '/home/seeya/ros2_ws/install/gesture_control/lib/pkgconfig/gesture_control.pc'
[0.893s] Level 1:colcon.colcon_core.environment:checking '/home/seeya/ros2_ws/install/gesture_control/lib/python3.10/site-packages'
[0.893s] Level 1:colcon.colcon_core.shell:create_environment_hook('gesture_control', 'pythonpath')
[0.893s] INFO:colcon.colcon_core.shell:Creating environment hook '/home/seeya/ros2_ws/install/gesture_control/share/gesture_control/hook/pythonpath.ps1'
[0.893s] INFO:colcon.colcon_core.shell:Creating environment descriptor '/home/seeya/ros2_ws/install/gesture_control/share/gesture_control/hook/pythonpath.dsv'
[0.893s] INFO:colcon.colcon_core.shell:Creating environment hook '/home/seeya/ros2_ws/install/gesture_control/share/gesture_control/hook/pythonpath.sh'
[0.893s] Level 1:colcon.colcon_core.environment:checking '/home/seeya/ros2_ws/install/gesture_control/bin'
[0.894s] Level 1:colcon.colcon_core.environment:create_environment_scripts_only(gesture_control)
[0.894s] INFO:colcon.colcon_core.shell:Creating package script '/home/seeya/ros2_ws/install/gesture_control/share/gesture_control/package.ps1'
[0.894s] INFO:colcon.colcon_core.shell:Creating package descriptor '/home/seeya/ros2_ws/install/gesture_control/share/gesture_control/package.dsv'
[0.894s] INFO:colcon.colcon_core.shell:Creating package script '/home/seeya/ros2_ws/install/gesture_control/share/gesture_control/package.sh'
[0.895s] INFO:colcon.colcon_core.shell:Creating package script '/home/seeya/ros2_ws/install/gesture_control/share/gesture_control/package.bash'
[0.895s] INFO:colcon.colcon_core.shell:Creating package script '/home/seeya/ros2_ws/install/gesture_control/share/gesture_control/package.zsh'
[0.896s] Level 1:colcon.colcon_core.environment:create_file_with_runtime_dependencies(/home/seeya/ros2_ws/install/gesture_control/share/colcon-core/packages/gesture_control)
[0.896s] DEBUG:colcon.colcon_parallel_executor.executor.parallel:closing loop
[0.896s] DEBUG:colcon.colcon_parallel_executor.executor.parallel:loop closed
[0.896s] DEBUG:colcon.colcon_parallel_executor.executor.parallel:run_until_complete finished with '0'
[0.896s] DEBUG:colcon.colcon_core.event_reactor:joining thread
[0.899s] INFO:colcon.colcon_core.plugin_system:Skipping extension 'colcon_notification.desktop_notification.terminal_notifier': Not used on non-Darwin systems
[0.899s] INFO:colcon.colcon_core.plugin_system:Skipping extension 'colcon_notification.desktop_notification.win32': Not used on non-Windows systems
[0.899s] INFO:colcon.colcon_notification.desktop_notification:Sending desktop notification using 'notify2'
[0.908s] DEBUG:colcon.colcon_core.event_reactor:joined thread
[0.909s] INFO:colcon.colcon_core.shell:Creating prefix script '/home/seeya/ros2_ws/install/local_setup.ps1'
[0.910s] INFO:colcon.colcon_core.shell:Creating prefix util module '/home/seeya/ros2_ws/install/_local_setup_util_ps1.py'
[0.911s] INFO:colcon.colcon_core.shell:Creating prefix chain script '/home/seeya/ros2_ws/install/setup.ps1'
[0.911s] INFO:colcon.colcon_core.shell:Creating prefix script '/home/seeya/ros2_ws/install/local_setup.sh'
[0.912s] INFO:colcon.colcon_core.shell:Creating prefix util module '/home/seeya/ros2_ws/install/_local_setup_util_sh.py'
[0.912s] INFO:colcon.colcon_core.shell:Creating prefix chain script '/home/seeya/ros2_ws/install/setup.sh'
[0.913s] INFO:colcon.colcon_core.shell:Creating prefix script '/home/seeya/ros2_ws/install/local_setup.bash'
[0.913s] INFO:colcon.colcon_core.shell:Creating prefix chain script '/home/seeya/ros2_ws/install/setup.bash'
[0.914s] INFO:colcon.colcon_core.shell:Creating prefix script '/home/seeya/ros2_ws/install/local_setup.zsh'
[0.914s] INFO:colcon.colcon_core.shell:Creating prefix chain script '/home/seeya/ros2_ws/install/setup.zsh'
